[a, b, c]
[1.100000, 2.200000, 3.300000]
[1, 2, 4, 5]
