[ 106 ]
true
[ 106 ]
5.000000
[ 110 ]
-5.500000
[ 118 ]
false
[ 119 ]
true
[ 120 ]
97
[ 121 ]
d
