9.000000
4.500000
3.000000
4.000000
8.000000
9
45
2
9
9
-5
11
1
1.100000
11.300000
false
