i is 1 i is 3 
j is 1
i is 1 i is 3 
j is 2
i is 1 i is 3 
j is 3
5
