Bad operand type for LoadI instruction at location 119.
