[ 126 126 ]
[ 126 -5.5 126 ]
[ 126 -5.5 -5.5 7.5 ]
[ 126 -5.5 2 ]
[ 126 -3.5 ]
[ 126 -3.5 6 ]
[ 126 -9.5 ]
[ 126 -9.5 7 ]
[ 126 -9.5 7 7 ]
[ 126 -9.5 1 ]
[ 134 5 ]
[ 134 5 3 ]
[ 134 1 ]
[ 134 1 6 ]
[ 134 1 6 5 ]
[ 134 1 0 ]
-10.500000
false
