[ 106 4.5 ]
[ 106 4.5 0 ]
Runtime error: floating divide by zero
