true
true
true
true

false
abc
false
false
bde
abc

true
false

false
true
true
true

true
false

false
true

false
true
true
false
