[ 141 ]
ghjdfh \n nbsjh
[ 169 ]
sfd098#varfgs
[ 195 ]
s
