[ 129 ]
[ 5 1 ]
[ 5 ]
5
[ 129 129 ]
[ 129 5 1 ]
[ 129 ]
[ 4 1 ]
[ 4 ]
4
[ 129 129 ]
[ 129 4 1 ]
[ 129 ]
[ 3 1 ]
[ 3 ]
3
[ 129 129 ]
[ 129 3 1 ]
[ 129 ]
[ 2 1 ]
[ 2 ]
2
[ 129 129 ]
[ 129 2 1 ]
[ 129 ]
[ 1 1 ]
[ 1 ]
1
[ 129 129 ]
[ 129 1 1 ]
[ 129 ]
[ 0 1 ]
